// Jest Snapshot v1, https://goo.gl/fbAQLP

exports[`should render a input 1`] = `
ShallowWrapper {
  "complexSelector": ComplexSelector {
    "buildPredicate": [Function],
    "childrenOfNode": [Function],
    "findWhereUnwrapped": [Function],
  },
  "length": 1,
  "node": <Input
    type="email"
    validator={/\\(\\?:\\[a-z0-9!#\\$%&'\\*\\+\\\\/=\\?\\^_\`\\{\\|\\}~-\\]\\+\\(\\?:\\\\\\.\\[a-z0-9!#\\$%&'\\*\\+\\\\/=\\?\\^_\`\\{\\|\\}~-\\]\\+\\)\\*\\|"\\(\\?:\\[\\\\x01-\\\\x08\\\\x0b\\\\x0c\\\\x0e-\\\\x1f\\\\x21\\\\x23-\\\\x5b\\\\x5d-\\\\x7f\\]\\|\\\\\\\\\\[\\\\x01-\\\\x09\\\\x0b\\\\x0c\\\\x0e-\\\\x7f\\]\\)\\*"\\)@\\(\\?:\\(\\?:\\[a-z0-9\\]\\(\\?:\\[a-z0-9-\\]\\*\\[a-z0-9\\]\\)\\?\\\\\\.\\)\\+\\[a-z0-9\\]\\(\\?:\\[a-z0-9-\\]\\*\\[a-z0-9\\]\\)\\?\\|\\\\\\[\\(\\?:\\(\\?:25\\[0-5\\]\\|2\\[0-4\\]\\[0-9\\]\\|\\[01\\]\\?\\[0-9\\]\\[0-9\\]\\?\\)\\\\\\.\\)\\{3\\}\\(\\?:25\\[0-5\\]\\|2\\[0-4\\]\\[0-9\\]\\|\\[01\\]\\?\\[0-9\\]\\[0-9\\]\\?\\|\\[a-z0-9-\\]\\*\\[a-z0-9\\]:\\(\\?:\\[\\\\x01-\\\\x08\\\\x0b\\\\x0c\\\\x0e-\\\\x1f\\\\x21-\\\\x5a\\\\x53-\\\\x7f\\]\\|\\\\\\\\\\[\\\\x01-\\\\x09\\\\x0b\\\\x0c\\\\x0e-\\\\x7f\\]\\)\\+\\)\\\\\\]\\)/}
/>,
  "nodes": Array [
    <Input
      type="email"
      validator={/\\(\\?:\\[a-z0-9!#\\$%&'\\*\\+\\\\/=\\?\\^_\`\\{\\|\\}~-\\]\\+\\(\\?:\\\\\\.\\[a-z0-9!#\\$%&'\\*\\+\\\\/=\\?\\^_\`\\{\\|\\}~-\\]\\+\\)\\*\\|"\\(\\?:\\[\\\\x01-\\\\x08\\\\x0b\\\\x0c\\\\x0e-\\\\x1f\\\\x21\\\\x23-\\\\x5b\\\\x5d-\\\\x7f\\]\\|\\\\\\\\\\[\\\\x01-\\\\x09\\\\x0b\\\\x0c\\\\x0e-\\\\x7f\\]\\)\\*"\\)@\\(\\?:\\(\\?:\\[a-z0-9\\]\\(\\?:\\[a-z0-9-\\]\\*\\[a-z0-9\\]\\)\\?\\\\\\.\\)\\+\\[a-z0-9\\]\\(\\?:\\[a-z0-9-\\]\\*\\[a-z0-9\\]\\)\\?\\|\\\\\\[\\(\\?:\\(\\?:25\\[0-5\\]\\|2\\[0-4\\]\\[0-9\\]\\|\\[01\\]\\?\\[0-9\\]\\[0-9\\]\\?\\)\\\\\\.\\)\\{3\\}\\(\\?:25\\[0-5\\]\\|2\\[0-4\\]\\[0-9\\]\\|\\[01\\]\\?\\[0-9\\]\\[0-9\\]\\?\\|\\[a-z0-9-\\]\\*\\[a-z0-9\\]:\\(\\?:\\[\\\\x01-\\\\x08\\\\x0b\\\\x0c\\\\x0e-\\\\x1f\\\\x21-\\\\x5a\\\\x53-\\\\x7f\\]\\|\\\\\\\\\\[\\\\x01-\\\\x09\\\\x0b\\\\x0c\\\\x0e-\\\\x7f\\]\\)\\+\\)\\\\\\]\\)/}
/>,
  ],
  "options": Object {},
  "renderer": ReactShallowRenderer {
    "_instance": ShallowComponentWrapper {
      "_calledComponentWillUnmount": false,
      "_compositeType": 2,
      "_context": Object {},
      "_currentElement": <Email />,
      "_debugID": 1,
      "_hostContainerInfo": null,
      "_hostParent": null,
      "_instance": StatelessComponent {
        "_reactInternalInstance": [Circular],
        "context": Object {},
        "props": Object {},
        "refs": Object {},
        "state": null,
        "updater": Object {
          "enqueueCallback": [Function],
          "enqueueCallbackInternal": [Function],
          "enqueueElementInternal": [Function],
          "enqueueForceUpdate": [Function],
          "enqueueReplaceState": [Function],
          "enqueueSetState": [Function],
          "isMounted": [Function],
          "validateCallback": [Function],
        },
      },
      "_mountOrder": 1,
      "_pendingCallbacks": null,
      "_pendingElement": null,
      "_pendingForceUpdate": false,
      "_pendingReplaceState": false,
      "_pendingStateQueue": null,
      "_renderedComponent": NoopInternalComponent {
        "_currentElement": <Input
          type="email"
          validator={/\\(\\?:\\[a-z0-9!#\\$%&'\\*\\+\\\\/=\\?\\^_\`\\{\\|\\}~-\\]\\+\\(\\?:\\\\\\.\\[a-z0-9!#\\$%&'\\*\\+\\\\/=\\?\\^_\`\\{\\|\\}~-\\]\\+\\)\\*\\|"\\(\\?:\\[\\\\x01-\\\\x08\\\\x0b\\\\x0c\\\\x0e-\\\\x1f\\\\x21\\\\x23-\\\\x5b\\\\x5d-\\\\x7f\\]\\|\\\\\\\\\\[\\\\x01-\\\\x09\\\\x0b\\\\x0c\\\\x0e-\\\\x7f\\]\\)\\*"\\)@\\(\\?:\\(\\?:\\[a-z0-9\\]\\(\\?:\\[a-z0-9-\\]\\*\\[a-z0-9\\]\\)\\?\\\\\\.\\)\\+\\[a-z0-9\\]\\(\\?:\\[a-z0-9-\\]\\*\\[a-z0-9\\]\\)\\?\\|\\\\\\[\\(\\?:\\(\\?:25\\[0-5\\]\\|2\\[0-4\\]\\[0-9\\]\\|\\[01\\]\\?\\[0-9\\]\\[0-9\\]\\?\\)\\\\\\.\\)\\{3\\}\\(\\?:25\\[0-5\\]\\|2\\[0-4\\]\\[0-9\\]\\|\\[01\\]\\?\\[0-9\\]\\[0-9\\]\\?\\|\\[a-z0-9-\\]\\*\\[a-z0-9\\]:\\(\\?:\\[\\\\x01-\\\\x08\\\\x0b\\\\x0c\\\\x0e-\\\\x1f\\\\x21-\\\\x5a\\\\x53-\\\\x7f\\]\\|\\\\\\\\\\[\\\\x01-\\\\x09\\\\x0b\\\\x0c\\\\x0e-\\\\x7f\\]\\)\\+\\)\\\\\\]\\)/}
/>,
        "_debugID": 2,
        "_renderedOutput": <Input
          type="email"
          validator={/\\(\\?:\\[a-z0-9!#\\$%&'\\*\\+\\\\/=\\?\\^_\`\\{\\|\\}~-\\]\\+\\(\\?:\\\\\\.\\[a-z0-9!#\\$%&'\\*\\+\\\\/=\\?\\^_\`\\{\\|\\}~-\\]\\+\\)\\*\\|"\\(\\?:\\[\\\\x01-\\\\x08\\\\x0b\\\\x0c\\\\x0e-\\\\x1f\\\\x21\\\\x23-\\\\x5b\\\\x5d-\\\\x7f\\]\\|\\\\\\\\\\[\\\\x01-\\\\x09\\\\x0b\\\\x0c\\\\x0e-\\\\x7f\\]\\)\\*"\\)@\\(\\?:\\(\\?:\\[a-z0-9\\]\\(\\?:\\[a-z0-9-\\]\\*\\[a-z0-9\\]\\)\\?\\\\\\.\\)\\+\\[a-z0-9\\]\\(\\?:\\[a-z0-9-\\]\\*\\[a-z0-9\\]\\)\\?\\|\\\\\\[\\(\\?:\\(\\?:25\\[0-5\\]\\|2\\[0-4\\]\\[0-9\\]\\|\\[01\\]\\?\\[0-9\\]\\[0-9\\]\\?\\)\\\\\\.\\)\\{3\\}\\(\\?:25\\[0-5\\]\\|2\\[0-4\\]\\[0-9\\]\\|\\[01\\]\\?\\[0-9\\]\\[0-9\\]\\?\\|\\[a-z0-9-\\]\\*\\[a-z0-9\\]:\\(\\?:\\[\\\\x01-\\\\x08\\\\x0b\\\\x0c\\\\x0e-\\\\x1f\\\\x21-\\\\x5a\\\\x53-\\\\x7f\\]\\|\\\\\\\\\\[\\\\x01-\\\\x09\\\\x0b\\\\x0c\\\\x0e-\\\\x7f\\]\\)\\+\\)\\\\\\]\\)/}
/>,
      },
      "_renderedNodeType": 1,
      "_rootNodeID": 0,
      "_topLevelWrapper": null,
      "_updateBatchNumber": null,
      "_warnedAboutRefsInRender": false,
    },
    "getRenderOutput": [Function],
    "render": [Function],
  },
  "root": [Circular],
  "unrendered": <Email />,
}
`;
